[    0.000000] Initializing cgroup subsys cpuset
[    0.000000] Initializing cgroup subsys cpu
[    0.000000] Initializing cgroup subsys cpuacct
[    0.000000] Linux version 4.4.0-81-generic (buildd@lgw01-02) (gcc version 5.4.0 20160609 (Ubuntu 5.4.0-6ubuntu1~16.04.4) ) #104-Ubuntu SMP Wed Jun 14 08:17:06 UTC 2017 (Ubuntu 4.4.0-81.104-generic 4.4.67)
[    0.000000] Command line: BOOT_IMAGE=/boot/vmlinuz-4.4.0-81-generic root=LABEL=cloudimg-rootfs ro console=tty1 console=ttyS0
[    0.000000] KERNEL supported cpus:
[    0.000000]   Intel GenuineIntel
[    0.000000]   AMD AuthenticAMD
[    0.000000]   Centaur CentaurHauls
[    0.000000] x86/fpu: xstate_offset[2]:  576, xstate_sizes[2]:  256
[    0.000000] x86/fpu: Supporting XSAVE feature 0x01: 'x87 floating point registers'
[    0.000000] x86/fpu: Supporting XSAVE feature 0x02: 'SSE registers'
[    0.000000] x86/fpu: Supporting XSAVE feature 0x04: 'AVX registers'
[    0.000000] x86/fpu: Enabled xstate features 0x7, context size is 832 bytes, using 'standard' format.
[    0.000000] x86/fpu: Using 'lazy' FPU context switches.
[    0.000000] e820: BIOS-provided physical RAM map:
[    0.000000] BIOS-e820: [mem 0x0000000000000000-0x000000000009fbff] usable
[    0.000000] BIOS-e820: [mem 0x000000000009fc00-0x000000000009ffff] reserved
[    0.000000] BIOS-e820: [mem 0x00000000000f0000-0x00000000000fffff] reserved
[    0.000000] BIOS-e820: [mem 0x0000000000100000-0x000000003ffeffff] usable
[    0.000000] BIOS-e820: [mem 0x000000003fff0000-0x000000003fffffff] ACPI data
[    0.000000] BIOS-e820: [mem 0x00000000fec00000-0x00000000fec00fff] reserved
[    0.000000] BIOS-e820: [mem 0x00000000fee00000-0x00000000fee00fff] reserved
[    0.000000] BIOS-e820: [mem 0x00000000fffc0000-0x00000000ffffffff] reserved
[    0.000000] NX (Execute Disable) protection: active
[    0.000000] SMBIOS 2.5 present.
[    0.000000] Hypervisor detected: KVM
[    0.000000] e820: last_pfn = 0x3fff0 max_arch_pfn = 0x400000000
[    0.000000] MTRR: Disabled
[    0.000000] x86/PAT: MTRRs disabled, skipping PAT initialization too.
[    0.000000] x86/PAT: Configuration [0-7]: WB  WT  UC- UC  WB  WT  UC- UC  
[    0.000000] CPU MTRRs all blank - virtualized system.
[    0.000000] found SMP MP-table at [mem 0x0009fff0-0x0009ffff] mapped at [ffff88000009fff0]
[    0.000000] Scanning 1 areas for low memory corruption
[    0.000000] RAMDISK: [mem 0x36ac6000-0x3755afff]
[    0.000000] ACPI: Early table checksum verification disabled
[    0.000000] ACPI: RSDP 0x00000000000E0000 000024 (v02 VBOX  )
[    0.000000] ACPI: XSDT 0x000000003FFF0030 00003C (v01 VBOX   VBOXXSDT 00000001 ASL  00000061)
[    0.000000] ACPI: FACP 0x000000003FFF00F0 0000F4 (v04 VBOX   VBOXFACP 00000001 ASL  00000061)
[    0.000000] ACPI: DSDT 0x000000003FFF0470 0021C8 (v02 VBOX   VBOXBIOS 00000002 INTL 20100528)
[    0.000000] ACPI: FACS 0x000000003FFF0200 000040
[    0.000000] ACPI: FACS 0x000000003FFF0200 000040
[    0.000000] ACPI: APIC 0x000000003FFF0240 00005C (v02 VBOX   VBOXAPIC 00000001 ASL  00000061)
[    0.000000] ACPI: SSDT 0x000000003FFF02A0 0001CC (v01 VBOX   VBOXCPUT 00000002 INTL 20100528)
[    0.000000] No NUMA configuration found
[    0.000000] Faking a node at [mem 0x0000000000000000-0x000000003ffeffff]
[    0.000000] NODE_DATA(0) allocated [mem 0x3ffeb000-0x3ffeffff]
[    0.000000] kvm-clock: Using msrs 4b564d01 and 4b564d00
[    0.000000] kvm-clock: cpu 0, msr 0:3ffe3001, primary cpu clock
[    0.000000] kvm-clock: using sched offset of 3112961361 cycles
[    0.000000] clocksource: kvm-clock: mask: 0xffffffffffffffff max_cycles: 0x1cd42e4dffb, max_idle_ns: 881590591483 ns
[    0.000000] Zone ranges:
[    0.000000]   DMA      [mem 0x0000000000001000-0x0000000000ffffff]
[    0.000000]   DMA32    [mem 0x0000000001000000-0x000000003ffeffff]
[    0.000000]   Normal   empty
[    0.000000]   Device   empty
[    0.000000] Movable zone start for each node
[    0.000000] Early memory node ranges
[    0.000000]   node   0: [mem 0x0000000000001000-0x000000000009efff]
[    0.000000]   node   0: [mem 0x0000000000100000-0x000000003ffeffff]
[    0.000000] Initmem setup node 0 [mem 0x0000000000001000-0x000000003ffeffff]
[    0.000000] ACPI: PM-Timer IO Port: 0x4008
[    0.000000] IOAPIC[0]: apic_id 2, version 32, address 0xfec00000, GSI 0-23
[    0.000000] ACPI: INT_SRC_OVR (bus 0 bus_irq 0 global_irq 2 dfl dfl)
[    0.000000] ACPI: INT_SRC_OVR (bus 0 bus_irq 9 global_irq 9 high level)
[    0.000000] Using ACPI (MADT) for SMP configuration information
[    0.000000] smpboot: Allowing 2 CPUs, 0 hotplug CPUs
[    0.000000] PM: Registered nosave memory: [mem 0x00000000-0x00000fff]
[    0.000000] PM: Registered nosave memory: [mem 0x0009f000-0x0009ffff]
[    0.000000] PM: Registered nosave memory: [mem 0x000a0000-0x000effff]
[    0.000000] PM: Registered nosave memory: [mem 0x000f0000-0x000fffff]
[    0.000000] e820: [mem 0x40000000-0xfebfffff] available for PCI devices
[    0.000000] Booting paravirtualized kernel on KVM
[    0.000000] clocksource: refined-jiffies: mask: 0xffffffff max_cycles: 0xffffffff, max_idle_ns: 7645519600211568 ns
[    0.000000] setup_percpu: NR_CPUS:512 nr_cpumask_bits:512 nr_cpu_ids:2 nr_node_ids:1
[    0.000000] PERCPU: Embedded 33 pages/cpu @ffff88003fc00000 s98264 r8192 d28712 u1048576
[    0.000000] PV qspinlock hash table entries: 256 (order: 0, 4096 bytes)
[    0.000000] Built 1 zonelists in Node order, mobility grouping on.  Total pages: 257913
[    0.000000] Policy zone: DMA32
[    0.000000] Kernel command line: BOOT_IMAGE=/boot/vmlinuz-4.4.0-81-generic root=LABEL=cloudimg-rootfs ro console=tty1 console=ttyS0
[    0.000000] PID hash table entries: 4096 (order: 3, 32768 bytes)
[    0.000000] Memory: 1001744K/1048120K available (8469K kernel code, 1294K rwdata, 3984K rodata, 1484K init, 1316K bss, 46376K reserved, 0K cma-reserved)
[    0.000000] SLUB: HWalign=64, Order=0-3, MinObjects=0, CPUs=2, Nodes=1
[    0.000000] Hierarchical RCU implementation.
[    0.000000] 	Build-time adjustment of leaf fanout to 64.
[    0.000000] 	RCU restricting CPUs from NR_CPUS=512 to nr_cpu_ids=2.
[    0.000000] RCU: Adjusting geometry for rcu_fanout_leaf=64, nr_cpu_ids=2
[    0.000000] NR_IRQS:33024 nr_irqs:440 16
[    0.000000] Console: colour VGA+ 80x25
[    0.000000] console [tty1] enabled
[    0.000000] console [ttyS0] enabled
[    0.000000] tsc: Detected 2600.000 MHz processor
[    1.137230] Calibrating delay loop (skipped) preset value.. 5200.00 BogoMIPS (lpj=10400000)
[    1.147574] pid_max: default: 32768 minimum: 301
[    1.159601] ACPI: Core revision 20150930
[    1.161957] ACPI: 2 ACPI AML tables successfully acquired and loaded
[    1.170134] Security Framework initialized
[    1.183748] Yama: becoming mindful.
[    1.185944] AppArmor: AppArmor initialized
[    1.187079] Dentry cache hash table entries: 131072 (order: 8, 1048576 bytes)
[    1.188991] Inode-cache hash table entries: 65536 (order: 7, 524288 bytes)
[    1.196032] Mount-cache hash table entries: 2048 (order: 2, 16384 bytes)
[    1.206635] Mountpoint-cache hash table entries: 2048 (order: 2, 16384 bytes)
[    1.208863] Initializing cgroup subsys io
[    1.216547] Initializing cgroup subsys memory
[    1.223159] Initializing cgroup subsys devices
[    1.224292] Initializing cgroup subsys freezer
[    1.225401] Initializing cgroup subsys net_cls
[    1.226504] Initializing cgroup subsys perf_event
[    1.227659] Initializing cgroup subsys net_prio
[    1.230007] Initializing cgroup subsys hugetlb
[    1.232429] Initializing cgroup subsys pids
[    1.234729] CPU: Physical Processor ID: 0
[    1.236823] CPU: Processor Core ID: 0
[    1.242268] mce: CPU supports 0 MCE banks
[    1.243316] Last level iTLB entries: 4KB 1024, 2MB 1024, 4MB 1024
[    1.248049] Last level dTLB entries: 4KB 1024, 2MB 1024, 4MB 1024, 1GB 4
[    1.257345] Freeing SMP alternatives memory: 32K (ffffffff820b8000 - ffffffff820c0000)
[    1.267941] ftrace: allocating 32129 entries in 126 pages
[    1.311331] smpboot: APIC(0) Converting physical 0 to logical package 0
[    1.317987] smpboot: Max logical packages: 1
[    1.325016] x2apic enabled
[    1.326047] Switched APIC routing to physical x2apic.
[    1.328433] ..TIMER: vector=0x30 apic1=0 pin1=2 apic2=-1 pin2=-1
[    1.440356] smpboot: CPU0: Intel(R) Core(TM) i5-4278U CPU @ 2.60GHz (family: 0x6, model: 0x45, stepping: 0x1)
[    1.452113] Performance Events: unsupported p6 CPU model 69 no PMU driver, software events only.
[    1.475611] KVM setup paravirtual spinlock
[    1.493887] x86: Booting SMP configuration:
[    1.504997] .... node  #0, CPUs:      #1
[    1.506175] kvm-clock: cpu 1, msr 0:3ffe3041, secondary cpu clock
[    1.510673] mce: CPU supports 0 MCE banks
[    1.522936] x86: Booted up 1 node, 2 CPUs
[    1.528351] smpboot: Total of 2 processors activated (10400.00 BogoMIPS)
[    1.530382] devtmpfs: initialized
[    1.535382] evm: security.selinux
[    1.541237] evm: security.SMACK64
[    1.553597] evm: security.SMACK64EXEC
[    1.558318] evm: security.SMACK64TRANSMUTE
[    1.559362] evm: security.SMACK64MMAP
[    1.568631] evm: security.ima
[    1.573418] evm: security.capability
[    1.592347] clocksource: jiffies: mask: 0xffffffff max_cycles: 0xffffffff, max_idle_ns: 7645041785100000 ns
[    1.621245] futex hash table entries: 512 (order: 3, 32768 bytes)
[    1.631090] pinctrl core: initialized pinctrl subsystem
[    1.650415] RTC time: 13:19:46, date: 07/22/17
[    1.663550] NET: Registered protocol family 16
[    1.744502] cpuidle: using governor ladder
[    1.792137] cpuidle: using governor menu
[    1.809120] PCCT header not found.
[    1.819180] ACPI: bus type PCI registered
[    1.825506] acpiphp: ACPI Hot Plug PCI Controller Driver version: 0.5
[    1.833798] PCI: Using configuration type 1 for base access
[    1.865474] ACPI: Added _OSI(Module Device)
[    1.873492] ACPI: Added _OSI(Processor Device)
[    1.880264] ACPI: Added _OSI(3.0 _SCP Extensions)
[    1.901927] ACPI: Added _OSI(Processor Aggregator Device)
[    1.917482] ACPI: Executed 1 blocks of module-level executable AML code
[    1.935720] ACPI: Interpreter enabled
[    1.938143] ACPI: (supports S0 S5)
[    1.948764] ACPI: Using IOAPIC for interrupt routing
[    1.956146] PCI: Using host bridge windows from ACPI; if necessary, use "pci=nocrs" and report a bug
[    1.989438] ACPI: PCI Root Bridge [PCI0] (domain 0000 [bus 00-ff])
[    1.990920] acpi PNP0A03:00: _OSC: OS supports [ASPM ClockPM Segments MSI]
[    1.994661] acpi PNP0A03:00: _OSC failed (AE_NOT_FOUND); disabling ASPM
[    1.996210] acpi PNP0A03:00: fail to add MMCONFIG information, can't access extended PCI configuration space under this bridge.
[    2.004303] PCI host bridge to bus 0000:00
[    2.008304] pci_bus 0000:00: root bus resource [io  0x0000-0x0cf7 window]
[    2.014643] pci_bus 0000:00: root bus resource [io  0x0d00-0xffff window]
[    2.019081] pci_bus 0000:00: root bus resource [mem 0x000a0000-0x000bffff window]
[    2.041199] pci_bus 0000:00: root bus resource [mem 0x40000000-0xffdfffff window]
[    2.049938] pci_bus 0000:00: root bus resource [bus 00-ff]
[    2.060378] pci 0000:00:01.1: legacy IDE quirk: reg 0x10: [io  0x01f0-0x01f7]
[    2.069528] pci 0000:00:01.1: legacy IDE quirk: reg 0x14: [io  0x03f6]
[    2.071247] pci 0000:00:01.1: legacy IDE quirk: reg 0x18: [io  0x0170-0x0177]
[    2.073640] pci 0000:00:01.1: legacy IDE quirk: reg 0x1c: [io  0x0376]
[    2.097549] pci 0000:00:07.0: quirk: [io  0x4000-0x403f] claimed by PIIX4 ACPI
[    2.104288] pci 0000:00:07.0: quirk: [io  0x4100-0x410f] claimed by PIIX4 SMB
[    2.118124] ACPI: PCI Interrupt Link [LNKA] (IRQs 5 9 10 *11)
[    2.138193] ACPI: PCI Interrupt Link [LNKB] (IRQs 5 9 10 *11)
[    2.145537] ACPI: PCI Interrupt Link [LNKC] (IRQs 5 9 *10 11)
[    2.152337] ACPI: PCI Interrupt Link [LNKD] (IRQs 5 *9 10 11)
[    2.163041] ACPI: Enabled 2 GPEs in block 00 to 07
[    2.184262] vgaarb: setting as boot device: PCI:0000:00:02.0
[    2.190068] vgaarb: device added: PCI:0000:00:02.0,decodes=io+mem,owns=io+mem,locks=none
[    2.210846] vgaarb: loaded
[    2.221760] vgaarb: bridge control possible 0000:00:02.0
[    2.232792] SCSI subsystem initialized
[    2.237704] ACPI: bus type USB registered
[    2.245381] usbcore: registered new interface driver usbfs
[    2.249079] usbcore: registered new interface driver hub
[    2.266388] usbcore: registered new device driver usb
[    2.269068] PCI: Using ACPI for IRQ routing
[    2.281953] NetLabel: Initializing
[    2.282872] NetLabel:  domain hash size = 128
[    2.283974] NetLabel:  protocols = UNLABELED CIPSOv4
[    2.285211] NetLabel:  unlabeled traffic allowed by default
[    2.308578] amd_nb: Cannot enumerate AMD northbridges
[    2.314240] clocksource: Switched to clocksource kvm-clock
[    2.325599] AppArmor: AppArmor Filesystem Enabled
[    2.354838] pnp: PnP ACPI init
[    2.356900] pnp: PnP ACPI: found 3 devices
[    2.406830] clocksource: acpi_pm: mask: 0xffffff max_cycles: 0xffffff, max_idle_ns: 2085701024 ns
[    2.417924] NET: Registered protocol family 2
[    2.419216] TCP established hash table entries: 8192 (order: 4, 65536 bytes)
[    2.424261] TCP bind hash table entries: 8192 (order: 5, 131072 bytes)
[    2.443280] TCP: Hash tables configured (established 8192 bind 8192)
[    2.449786] UDP hash table entries: 512 (order: 2, 16384 bytes)
[    2.484773] UDP-Lite hash table entries: 512 (order: 2, 16384 bytes)
[    2.492623] NET: Registered protocol family 1
[    2.494036] pci 0000:00:00.0: Limiting direct PCI/PCI transfers
[    2.496902] pci 0000:00:01.0: Activating ISA DMA hang workarounds
[    2.520370] Unpacking initramfs...
[    4.602202] Freeing initrd memory: 10836K (ffff880036ac6000 - ffff88003755b000)
[    4.616058] RAPL PMU detected, API unit is 2^-32 Joules, 4 fixed counters 10737418240 ms ovfl timer
[    4.629639] hw unit of domain pp0-core 2^-0 Joules
[    4.672036] hw unit of domain package 2^-0 Joules
[    4.681630] hw unit of domain dram 2^-0 Joules
[    4.702527] hw unit of domain pp1-gpu 2^-0 Joules
[    4.707696] platform rtc_cmos: registered platform RTC device (no PNP device found)
[    4.734040] Scanning for low memory corruption every 60 seconds
[    4.740392] audit: initializing netlink subsys (disabled)
[    4.765273] audit: type=2000 audit(1500729593.068:1): initialized
[    4.767023] Initialise system trusted keyring
[    4.791812] HugeTLB registered 2 MB page size, pre-allocated 0 pages
[    4.816191] zbud: loaded
[    4.827018] VFS: Disk quotas dquot_6.6.0
[    4.851190] VFS: Dquot-cache hash table entries: 512 (order 0, 4096 bytes)
[    4.858964] squashfs: version 4.0 (2009/01/31) Phillip Lougher
[    4.860700] fuse init (API version 7.23)
[    4.861898] Key type big_key registered
[    4.874000] Allocating IMA MOK and blacklist keyrings.
[    4.889410] Key type asymmetric registered
[    4.894060] Asymmetric key parser 'x509' registered
[    4.910948] Block layer SCSI generic (bsg) driver version 0.4 loaded (major 249)
[    4.934208] io scheduler noop registered
[    4.935272] io scheduler deadline registered (default)
[    4.944266] io scheduler cfq registered
[    4.964634] pci_hotplug: PCI Hot Plug PCI Core version: 0.5
[    5.001939] pciehp: PCI Express Hot Plug Controller Driver version: 0.4
[    5.003866] ACPI: AC Adapter [AC] (on-line)
[    5.026692] input: Power Button as /devices/LNXSYSTM:00/LNXPWRBN:00/input/input0
[    5.061957] ACPI: Power Button [PWRF]
[    5.063047] input: Sleep Button as /devices/LNXSYSTM:00/LNXSLPBN:00/input/input1
[    5.082076] ACPI: Sleep Button [SLPF]
[    5.085525] ACPI: Battery Slot [BAT0] (battery present)
[    5.090474] GHES: HEST is not enabled!
[    5.091714] Serial: 8250/16550 driver, 32 ports, IRQ sharing enabled
[    5.142110] 00:02: ttyS0 at I/O 0x3f8 (irq = 4, base_baud = 115200) is a 16550A
[    5.179025] Linux agpgart interface v0.103
[    5.240049] loop: module loaded
[    5.261739] scsi host0: ata_piix
[    5.271411] scsi host1: ata_piix
[    5.298808] ata1: PATA max UDMA/33 cmd 0x1f0 ctl 0x3f6 bmdma 0xd000 irq 14
[    5.315846] ata2: PATA max UDMA/33 cmd 0x170 ctl 0x376 bmdma 0xd008 irq 15
[    5.390560] libphy: Fixed MDIO Bus: probed
[    5.400751] tun: Universal TUN/TAP device driver, 1.6
[    5.415916] tun: (C) 1999-2004 Max Krasnyansky <maxk@qualcomm.com>
[    5.417559] PPP generic driver version 2.4.2
[    5.426120] ehci_hcd: USB 2.0 'Enhanced' Host Controller (EHCI) Driver
[    5.461702] ehci-pci: EHCI PCI platform driver
[    5.464490] ehci-platform: EHCI generic platform driver
[    5.475358] ohci_hcd: USB 1.1 'Open' Host Controller (OHCI) Driver
[    5.484402] ohci-pci: OHCI PCI platform driver
[    5.509852] ohci-platform: OHCI generic platform driver
[    5.548088] uhci_hcd: USB Universal Host Controller Interface driver
[    5.549686] i8042: PNP: PS/2 Controller [PNP0303:PS2K,PNP0f03:PS2M] at 0x60,0x64 irq 1,12
[    5.553822] serio: i8042 KBD port at 0x60,0x64 irq 1
[    5.584032] serio: i8042 AUX port at 0x60,0x64 irq 12
[    5.614505] mousedev: PS/2 mouse device common for all mice
[    5.629362] rtc_cmos rtc_cmos: rtc core: registered rtc_cmos as rtc0
[    5.633449] rtc_cmos rtc_cmos: alarms up to one day, 114 bytes nvram
[    5.658936] i2c /dev entries driver
[    5.679217] input: AT Translated Set 2 keyboard as /devices/platform/i8042/serio0/input/input2
[    5.685425] device-mapper: uevent: version 1.0.3
[    5.691447] device-mapper: ioctl: 4.34.0-ioctl (2015-10-28) initialised: dm-devel@redhat.com
[    5.707968] tsc: Refined TSC clocksource calibration: 2601.146 MHz
[    5.709409] clocksource: tsc: mask: 0xffffffffffffffff max_cycles: 0x257e76e6196, max_idle_ns: 440795274071 ns
[    5.713736] ledtrig-cpu: registered to indicate activity on CPUs
[    5.725256] NET: Registered protocol family 10
[    5.739812] NET: Registered protocol family 17
[    5.749250] Key type dns_resolver registered
[    5.770181] microcode: CPU0 sig=0x40651, pf=0x40, revision=0x0
[    5.771672] microcode: CPU1 sig=0x40651, pf=0x40, revision=0x0
[    5.802046] microcode: Microcode Update Driver: v2.01 <tigran@aivazian.fsnet.co.uk>, Peter Oruba
[    5.843452] registered taskstats version 1
[    5.861977] Loading compiled-in X.509 certificates
[    5.865216] Loaded X.509 cert 'Build time autogenerated kernel key: 4e3fcaabc4148de0b198d1fb3d36a6c6d4cf062b'
[    5.874546] zswap: loaded using pool lzo/zbud
[    5.897361] Key type trusted registered
[    5.907291] Key type encrypted registered
[    5.916456] AppArmor: AppArmor sha1 policy hashing enabled
[    5.921470] ima: No TPM chip found, activating TPM-bypass!
[    5.944307] evm: HMAC attrs: 0x1
[    5.951210]   Magic number: 9:309:332
[    5.975215] tty tty53: hash matches
[    5.991822] rtc_cmos rtc_cmos: setting system clock to 2017-07-22 13:19:51 UTC (1500729591)
[    6.014296] BIOS EDD facility v0.16 2004-Jun-25, 0 devices found
[    6.033632] EDD information not available.
[    6.043640] Freeing unused kernel memory: 1484K (ffffffff81f45000 - ffffffff820b8000)
[    6.055456] Write protecting the kernel read-only data: 14336k
[    6.080264] Freeing unused kernel memory: 1760K (ffff880001848000 - ffff880001a00000)
[    6.095224] Freeing unused kernel memory: 112K (ffff880001de4000 - ffff880001e00000)
Loading, please wait...
starting version[    6.110579] random: systemd-udevd: uninitialized urandom read (16 bytes read, 2 bits of entropy available)
 229
[    6.111594] random: udevadm: uninitialized urandom read (16 bytes read, 2 bits of entropy available)
[    6.111684] random: udevadm: uninitialized urandom read (16 bytes read, 2 bits of entropy available)
[    6.111870] random: udevadm: uninitialized urandom read (16 bytes read, 2 bits of entropy available)
[    6.111944] random: udevadm: uninitialized urandom read (16 bytes read, 2 bits of entropy available)
[    6.112025] random: udevadm: uninitialized urandom read (16 bytes read, 2 bits of entropy available)
[    6.112098] random: udevadm: uninitialized urandom read (16 bytes read, 2 bits of entropy available)
[    6.112163] random: udevadm: uninitialized urandom read (16 bytes read, 2 bits of entropy available)
[    6.112295] random: udevadm: uninitialized urandom read (16 bytes read, 2 bits of entropy available)
[    6.112469] random: udevadm: uninitialized urandom read (16 bytes read, 2 bits of entropy available)
[    6.297263] e1000: Intel(R) PRO/1000 Network Driver - version 7.3.21-k8-NAPI
[    6.305366] e1000: Copyright (c) 1999-2006 Intel Corporation.
[    6.324642] Fusion MPT base driver 3.04.20
[    6.355064] Copyright (c) 1999-2008 LSI Corporation
[    6.376932] Fusion MPT SPI Host driver 3.04.20
[    6.394224] AVX version of gcm_enc/dec engaged.
[    6.397516] AES CTR mode by8 optimization enabled
[    6.572867] input: ImExPS/2 Generic Explorer Mouse as /devices/platform/i8042/serio1/input/input4
[    6.767669] e1000 0000:00:03.0 eth0: (PCI:33MHz:32-bit) 02:e7:04:e9:f2:54
[    6.772707] e1000 0000:00:03.0 eth0: Intel(R) PRO/1000 Network Connection
[    6.775232] e1000 0000:00:03.0 enp0s3: renamed from eth0
[    6.775444] mptbase: ioc0: Initiating bringup
[    6.858234] ioc0: LSI53C1030 A0: Capabilities={Initiator}
[    7.055569] scsi host2: ioc0: LSI53C1030 A0, FwRev=00000000h, Ports=1, MaxQ=256, IRQ=20
[    7.218931] scsi 2:0:0:0: Direct-Access     VBOX     HARDDISK         1.0  PQ: 0 ANSI: 5
[    7.257971] scsi target2:0:0: Beginning Domain Validation
[    7.276375] scsi target2:0:0: Domain Validation skipping write tests
[    7.283577] scsi target2:0:0: Ending Domain Validation
[    7.300363] scsi target2:0:0: asynchronous
[    7.311789] scsi 2:0:1:0: Direct-Access     VBOX     HARDDISK         1.0  PQ: 0 ANSI: 5
[    7.354025] scsi target2:0:1: Beginning Domain Validation
[    7.361774] scsi target2:0:1: Domain Validation skipping write tests
[    7.404865] scsi target2:0:1: Ending Domain Validation
[    7.414550] scsi target2:0:1: asynchronous
[    7.424020] sd 2:0:0:0: Attached scsi generic sg0 type 0
[    7.454391] sd 2:0:0:0: [sda] 20971520 512-byte logical blocks: (10.7 GB/10.0 GiB)
[    7.454607] sd 2:0:1:0: Attached scsi generic sg1 type 0
[    7.454777] sd 2:0:1:0: [sdb] 20480 512-byte logical blocks: (10.5 MB/10.0 MiB)
[    7.454935] sd 2:0:1:0: [sdb] Write Protect is off
[    7.455100] sd 2:0:1:0: [sdb] Incomplete mode parameter data
[    7.455102] sd 2:0:1:0: [sdb] Assuming drive cache: write through
[    7.456975] sd 2:0:1:0: [sdb] Attached SCSI disk
[    7.511152] sd 2:0:0:0: [sda] Write Protect is off
[    7.516250] sd 2:0:0:0: [sda] Incomplete mode parameter data
[    7.534366] sd 2:0:0:0: [sda] Assuming drive cache: write through
[    7.557328]  sda: sda1
[    7.560015] sd 2:0:0:0: [sda] Attached SCSI disk
[    9.418384] floppy0: no floppy controllers found
Begin: Loading e[   10.788064] md: linear personality registered for level -1
ssential drivers ... [   10.826733] md: multipath personality registered for level -4
[   10.838667] md: raid0 personality registered for level 0
[   10.858771] md: raid1 personality registered for level 1
[   10.934770] raid6: sse2x1   gen()  8493 MB/s
[   11.018585] raid6: sse2x1   xor()  4937 MB/s
[   11.150593] raid6: sse2x2   gen()  5904 MB/s
[   11.222782] raid6: sse2x2   xor()  6791 MB/s
[   11.294411] raid6: sse2x4   gen() 11342 MB/s
[   11.374375] raid6: sse2x4   xor()  8522 MB/s
[   11.388957] raid6: using algorithm sse2x4 gen() 11342 MB/s
[   11.396820] raid6: .... xor() 8522 MB/s, rmw enabled
[   11.398028] raid6: using ssse3x2 recovery algorithm
[   11.405167] xor: automatically using best checksumming function:
[   11.454713]    avx       : 23561.000 MB/sec
[   11.475043] async_tx: api initialized (async)
[   11.489340] md: raid6 personality registered for level 6
[   11.491000] md: raid5 personality registered for level 5
[   11.493239] md: raid4 personality registered for level 4
[   11.501691] md: raid10 personality registered for level 10
done.
Begin: Running /scripts/init-premount ... done.
Begin: Mounting root file system ... Begin: Running /scripts/local-top ... done.
Begin: Running /scripts/local-premount ... [   11.551249] Btrfs loaded
Scanning for Btrfs filesystems
done.
Warning: fsck not present, so sk[   11.609557] EXT4-fs (sda1): mounted filesystem with ordered data mode. Opts: (null)
ipping root file system
done.
Begin: Running /scripts/local-bottom ... done.
Begin: Running /scripts/init-bottom ... done.
[   11.700940] systemd[1]: systemd 229 running in system mode. (+PAM +AUDIT +SELINUX +IMA +APPARMOR +SMACK +SYSVINIT +UTMP +LIBCRYPTSETUP +GCRYPT +GNUTLS +ACL +XZ -LZ4 +SECCOMP +BLKID +ELFUTILS +KMOD -IDN)
[   11.786240] systemd[1]: Detected virtualization oracle.
[   11.807404] systemd[1]: Detected architecture x86-64.

Welcome to [1mUbuntu 16.04.2 LTS[0m!

[   11.847143] systemd[1]: Set hostname to <ubuntu>.
[   11.882815] systemd[1]: Initializing machine ID from random generator.
[   11.888307] systemd[1]: Installed transient /etc/machine-id file.
[   12.029016] systemd[1]: Listening on udev Control Socket.
[[0;32m  OK  [0m] Listening on udev Control Socket.
[   12.048170] systemd[1]: Created slice User and Session Slice.
[[0;32m  OK  [0m] Created slice User and Session Slice.
[   12.082473] systemd[1]: Listening on Journal Socket (/dev/log).
[[0;32m  OK  [0m] Listening on Journal Socket (/dev/log).
[   12.230668] systemd[1]: Reached target User and Group Name Lookups.
[[0;32m  OK  [0m] Reached target User and Group Name Lookups.
[   12.326901] systemd[1]: Listening on Journal Socket.
[[0;32m  OK  [0m] Listening on Journal Socket.
[   12.340570] systemd[1]: Set up automount Arbitrary Executable File Formats File System Automount Point.
[[0;32m  OK  [0m] Set up automount Arbitrary Executab...ats File System Automount Point.
[   12.366608] systemd[1]: Started Trigger resolvconf update for networkd DNS.
[[0;32m  OK  [0m] Started Trigger resolvconf update for networkd DNS.
[   12.452217] systemd[1]: Reached target Encrypted Volumes.
[[0;32m  OK  [0m] Reached target Encrypted Volumes.
[   12.497445] systemd[1]: Created slice System Slice.
[[0;32m  OK  [0m] Created slice System Slice.
[   12.526689] systemd[1]: Mounting Debug File System...
         Mounting Debug File System...
[   12.602731] systemd[1]: Mounting POSIX Message Queue File System...
         Mounting POSIX Message Queue File System...
[   12.662770] systemd[1]: Starting Remount Root and Kernel File Systems...
         Starting Remount[   12.668535] EXT4-fs (sda1): re-mounted. Opts: (null)
 Root and Kernel File Systems...
[   12.728515] systemd[1]: Starting Nameserver information manager...
         Starting Nameserver information manager...
[   12.766743] systemd[1]: Starting Uncomplicated firewall...
         Starting Uncomplicated firewall...
[   12.810633] systemd[1]: Starting Set console keymap...
         Starting Set console keymap...
[   12.854646] systemd[1]: Reached target Slices.
[[0;32m  OK  [0m] Reached target Slices.
[   12.862713] systemd[1]: Reached target Swap.
[[0;32m  OK  [0m] Reached target Swap.
[   12.895005] systemd[1]: Starting Create list of required static device nodes for the current kernel...
         Starting Create list of required st... nodes for the current kernel...
[   12.954838] systemd[1]: Starting Load Kernel Modules...
         Starting Load Kernel Modules...[   12.981864] Loading iSCSI transport class v2.0-870.

[   12.995130] systemd[1]: Created slice system-serial\x2dgetty.slice.
[[0;32m  OK  [0[   13.011042] iscsi: registered transport (tcp)
m] Created slice system-serial\x2dgetty.slice.
[   13.023516] systemd[1]: Listening on Device-mapper event daemon FIFOs.
[[0;32m  OK  [0m] Listening on Device-mapper event daemon FIFOs.
[   13.070687] systemd[1]: Started Forward Password Requests to Wall Directory Watch.
[[0;32m  OK  [0m] Started Forward Password Request[   13.102736] iscsi: registered transport (iser)
s to Wall Directory Watch.
[   13.132427] systemd[1]: Listening on udev Kernel Socket.
[[0;32m  OK  [0m] Listening on udev Kernel Socket.
[   13.163171] systemd[1]: Listening on Syslog Socket.
[[0;32m  OK  [0m] Listening on Syslog Socket.
[   13.224407] systemd[1]: Listening on Journal Audit Socket.
[[0;32m  OK  [0m] Listening on Journal Audit Socket.
[   13.270564] systemd[1]: Starting Journal Service...
         [   13.274726] random: nonblocking pool is initialized
Starting Journal Service...
[   13.295308] systemd[1]: Mounting Huge Pages File System...
         Mounting Huge Pages File System...
[   13.323048] systemd[1]: Listening on LVM2 metadata daemon socket.
[[0;32m  OK  [0m] Listening on LVM2 metadata daemon socket.
[   13.352274] systemd[1]: Starting Monitoring of LVM2 mirrors, snapshots etc. using dmeventd or progress polling...
         Starting Monitoring of LVM2 mirrors... dmeventd or progress polling...
[   13.404433] systemd[1]: Listening on LVM2 poll daemon socket.
[[0;32m  OK  [0m] Listening on LVM2 poll daemon socket.
[   13.438770] systemd[1]: Listening on /dev/initctl Compatibility Named Pipe.
[[0;32m  OK  [0m] Listening on /dev/initctl Compatibility Named Pipe.
[   13.484485] systemd[1]: Mounted Huge Pages File System.
[[0;32m  OK  [0m] Mounted Huge Pages File System.
[   13.506562] systemd[1]: Mounted Debug File System.
[[0;32m  OK  [0m] Mounted Debug File System.
[   13.574547] systemd[1]: Mounted POSIX Message Queue File System.
[[0;32m  OK  [0m] Mounted POSIX Message Queue File System.
[   13.614597] systemd[1]: Started Journal Service.
[[0;32m  OK  [0m] Started Journal Service.
[[0;32m  OK  [0m] Started Remount Root and Kernel File Systems.
[[0;32m  OK  [0m] Started Uncomplicated firewall.
[[0;32m  OK  [0m] Started Set console keymap.
[[0;32m  OK  [0m] Started Create list of required sta...ce nodes for the current kernel.
[[0;32m  OK  [0m] Started Load Kernel Modules.
[[0;32m  OK  [0m] Started Nameserver information manager.
[[0;32m  OK  [0m] Started LVM2 metadata daemon.
         Starting Apply Kernel Variables...
         Mounting FUSE Control File System...
         Starting Create Static Device Nodes in /dev...
         Starting Load/Save Random Seed...
         Starting Initial cloud-init job (pre-networking)...
         Starting udev Coldplug all Devices...
         Starting Flush Journal to Persistent Storage...
[[0;32m  OK  [0m] Mounted FUSE Control File System.
[[0;32m  OK  [0m] Started Monitoring of LVM2 mirrors,...ng dmeventd or progress polling.
[[0;32m  OK  [0m] Started Apply Kernel Variables.
[[0;32m  OK  [0m] Started Create Static Device Nodes in /dev.
[[0;32m  OK  [0m] Started Load/Save Random Seed.
[[0;32m  OK  [0m] Started Flush Journal to Persistent Storage.
         Starting udev Kernel Device Manager...
[[0;32m  OK  [0m] Started udev Coldplug all Devices.
[[0;32m  OK  [0m] Started udev Kernel Device Manager.
[[0;32m  OK  [0m] Reached target Local File Systems (Pre).
[[0;32m  OK  [0m] Reached target Local File Systems.
         Starting LSB: AppArmor initialization...
         Starting Tell Plymouth To Write Out Runtime Data...
         Starting Create Volatile Files and Directories...
         Starting Commit a transient machine-id on disk...
         Starting Set console font and keymap...
[[0;32m  OK  [0m] Started Dispatch Password Requests to Console Directory Watch.
[[0;32m  OK  [0m] Started Tell Plymouth To Write Out Runtime Data.
[[0;32m  OK  [0m] Started Create Volatile Files and Directories.
[[0;32m  OK  [0m] Started Commit a transient machine-id on disk.
[[0;32m  OK  [0m] Found device /dev/ttyS0.
[[0;32m  OK  [0m] Reached target System Time Synchronized.
         Starting Update UTMP about System Boot/Shutdown...
[[0;32m  OK  [0m] Started Update UTMP about System Boot/Shutdown.
[[0;32m  OK  [0m] Listening on Load/Save RF Kill Switch Status /dev/rfkill Watch.
[   13.913105] cloud-init[456]: Cloud-init v. 0.7.9 running 'init-local' at Sat, 22 Jul 2017 13:20:00 +0000. Up 13.35 seconds.
[[0;32m  OK  [0m] Started Initial cloud-init job (pre-networking).
[[0;32m  OK  [0m] Started LSB: AppArmor initialization.
[[0;32m  OK  [0m] Started Set console font and keymap.
[[0;32m  OK  [0m] Created slice system-getty.slice.
[[0;32m  OK  [0m] Reached target Network (Pre).
         Starting Raise network interfaces...
[[0;32m  OK  [0m] Started Raise network interfaces.
         Starting Initial cloud-init job (metadata service crawler)...
[[0;32m  OK  [0m] Reached target Network.
[   16.990955] cloud-init[917]: Cloud-init v. 0.7.9 running 'init' at Sat, 22 Jul 2017 13:20:03 +0000. Up 16.15 seconds.
[   17.032812] cloud-init[917]: ci-info: +++++++++++++++++++++++++++++++++++++Net device info+++++++++++++++++++++++++++++++++++++
[   17.083320] cloud-init[917]: ci-info: +--------+------+---------------------------+---------------+-------+-------------------+
[   17.083794] cloud-init[917]: ci-info: | Device |  Up  |          Address          |      Mask     | Scope |     Hw-Address    |
[[0;32m  OK  [0m] Started Initial cloud-init job (metadata service crawler).
[   17.083976] cloud-init[917]: ci-info: +--------+------+---------------------------+---------------+-------+-------------------+
[   17.344479] cloud-init[917]: ci-info: | enp0s3 | True |         10.0.2.15         | 255.255.255.0 |   .   | 02:e7:04:e9:f2:54 |
[   17.344946] cloud-init[917]: ci-info: | enp0s3 | True | fe80::e7:4ff:fee9:f254/64 |       .       |  link | 02:e7:04:e9:f2:54 |
[[0;32m  OK  [0m] Reached target Network is Online.
[   17.345259] cloud-init[917]: ci-info: |   lo   | True |         127.0.0.1         |   255.0.0.0   |   .   |         .         |
[   17.430962] cloud-init[917]: ci-info: |   lo   | True |          ::1/128          |       .       |  host |         .         |
[   17.431356] cloud-init[917]: ci-info: +--------+------+---------------------------+---------------+-------+-------------------+
[   17.431571] cloud-init[917]: ci-info: +++++++++++++++++++++++++++Route IPv4 info++++++++++++++++++++++++++++
[   17.431776] cloud-init[917]: ci-info: +-------+-------------+----------+---------------+-----------+-------+
[   17.431987] cloud-init[917]: ci-info: | Route | Destination | Gateway  |    Genmask    | Interface | Flags |
[   17.432407] cloud-init[917]: ci-info: +-------+-------------+----------+---------------+-----------+-------+
[   17.432615] cloud-init[917]: ci-info: |   0   |   0.0.0.0   | 10.0.2.2 |    0.0.0.0    |   enp0s3  |   UG  |
[   17.432825] cloud-init[917]: ci-info: |   1   |   10.0.2.0  | 0.0.0.0  | 255.255.255.0 |   enp0s3  |   U   |
[   17.433038] cloud-init[917]: ci-info: +-------+-------------+----------+---------------+-----------+-------+
[   17.433243] cloud-init[917]: Generating public/private rsa key pair.
[   17.433452] cloud-init[917]: Your identification has been saved in /etc/ssh/ssh_host_rsa_key.
[   17.433663] cloud-init[917]: Your public key has been saved in /etc/ssh/ssh_host_rsa_key.pub.
[   17.433871] cloud-init[917]: The key fingerprint is:
[   17.434082] cloud-init[917]: SHA256:WP7GAITYJxrpXepwZZRFS5WcfEteuYK0mIp8PyFZc0g root@ubuntu-xenial
[   17.434290] cloud-init[917]: The key's randomart image is:
[   17.434500] cloud-init[917]: +---[RSA 2048]----+
[   17.434713] cloud-init[917]: |   + oo+++.o   . |
[   17.434919] cloud-init[917]: |  + +.*.E.* o o  |
[   17.435128] cloud-init[917]: | . + B..o= * o . |
[   17.435337] cloud-init[917]: |  + +  =* + + .  |
[   17.435565] cloud-init[917]: |   = ..+So   .   |
         Starting iSCSI initiator daemon (iscsid)...
[   17.435734] cloud-init[917]: |    + = .+       |
[   17.804495] cloud-init[917]: |     . o .+      |
[   17.804966] cloud-init[917]: |        o.       |
[[0;32m  OK  [0m] Reached target Cloud-config availability.
[   17.805203] cloud-init[917]: |         .       |
[[0;32m  OK  [0m] Reached target System Initialization.
[   17.822899] cloud-init[917]: +----[SHA256]-----+
[   17.848929] cloud-init[917]: Generating public/private dsa key pair.
[   17.849181] cloud-init[917]: Your identification has been saved in /etc/ssh/ssh_host_dsa_key.
[[0;32m  OK  [0m] Started Daily Cleanup of Temporary Directories.
[   17.849780] cloud-init[917]: Your public key has been saved in /etc/ssh/ssh_host_dsa_key.pub.
[   17.955067] cloud-init[917]: The key fingerprint is:
[   17.955127] cloud-init[917]: SHA256:owh1OE7KV7X0ZQuJn/X+M/DErpGNHr3iWbkC3kVtLQ0 root@ubuntu-xenial
[   17.955180] cloud-init[917]: The key's randomart image is:
[   17.955229] cloud-init[917]: +---[DSA 1024]----+
[   17.955280] cloud-init[917]: |        o...o    |
[   17.955342] cloud-init[917]: |     . o.o.+..E  |
[   17.955395] cloud-init[917]: |    = o ...o.. oo|
[   17.955449] cloud-init[917]: | . = +    o   o.=|
[[0;32m  OK  [0m] Started Timer to automatically refresh installed snaps.
[   17.955759] cloud-init[917]: |  + o   S    .oo |
[   18.115618] cloud-init[917]: |   o . . . . .*+.|
[   18.116053] cloud-init[917]: |    . .   . o=** |
[[0;32m  OK  [0m] Started ACPI Events Check.
[   18.116423] cloud-init[917]: |           ..+==+|
[   18.137078] cloud-init[917]: |            .=+oo|
[[0;32m  OK  [0m] Reached target Paths.
[   18.137284] cloud-init[917]: +----[SHA256]-----+
[   18.209438] cloud-init[917]: Generating public/private ecdsa key pair.
[   18.209882] cloud-init[917]: Your identification has been saved in /etc/ssh/ssh_host_ecdsa_key.
         Starting LXD - unix socket.
[   18.210129] cloud-init[917]: Your public key has been saved in /etc/ssh/ssh_host_ecdsa_key.pub.
[   18.253825] cloud-init[917]: The key fingerprint is:
[[0;32m  OK  [0m] Listening on UUID daemon activation socket.
[   18.253988] cloud-init[917]: SHA256:XY9sGicrAUkU3BsR9EYbKoKbtMuvct2t+bnDD9AoLiM root@ubuntu-xenial
[   18.300878] cloud-init[917]: The key's randomart image is:
[[0;32m  OK  [0m] Listening on D-Bus System Message Bus Socket.
[   18.301049] cloud-init[917]: +---[ECDSA 256]---+
[   18.368702] cloud-init[917]: |     o+++oo      |
[[0;32m  OK  [0m] Listening on ACPID Listen Socket.
[   18.368937] cloud-init[917]: |   . ...o+ o     |
[   18.388476] cloud-init[917]: |  o . + .o+ .    |
[   18.389133] cloud-init[917]: | . + . =.o o o   |
         Starting Socket activation for snappy daemon.
[   18.390146] cloud-init[917]: |  + . o S + = .  |
[   18.395077] cloud-init[917]: | . o . . . B     |
[[0;32m  OK  [0m] Started Daily apt activities.
[   18.396737] cloud-init[917]: |E =... oo o      |
[   18.422611] cloud-init[917]: |...+. ..++       |
[   18.423114] cloud-init[917]: | o... oo++.      |
[[0;32m  OK  [0m] Reached target Timers.
[   18.423400] cloud-init[917]: +----[SHA256]-----+
[   18.537437] cloud-init[917]: Generating public/private ed25519 key pair.
[   18.537895] cloud-init[917]: Your identification has been saved in /etc/ssh/ssh_host_ed25519_key.
[[0;32m  OK  [0m] Listening on LXD - unix socket.
[   18.538097] cloud-init[917]: Your public key has been saved in /etc/ssh/ssh_host_ed25519_key.pub.
[   18.604962] cloud-init[917]: The key fingerprint is:
[[0;32m  OK  [0m] Listening on Socket activation for snappy daemon.
[[   18.605247] cloud-init[917]: SHA256:wuv+cTeNrqcCUIU7f6iEccm8NGQaAhYl2zApsP8knfY root@ubuntu-xenial
[   18.684885] cloud-init[917]: The key's randomart image is:
[   18.685089] cloud-init[917]: +--[ED25519 256]--+
[   18.685341] cloud-init[917]: |+B+.   o.        |
[0;32m  OK  [0m] Started iSCSI initiator daemon (iscsid).
[   18.685578] cloud-init[917]: |ooB . =          |
[   18.739877] cloud-init[917]: |o. o O o         |
[   18.756584] cloud-init[917]: | . .+oX          |
[   18.757044]          cloud-initStarting Login to default iSCSI targets...[917]: 
|  o =*o=S.       |
[   18.757399] cloud-init[917]: |   =..+oo .  o   |
[[0;32m  OK  [0m] Reached target Sockets.
[   18.800903] cloud-init[917]: |    ..Eo... + .  |
[   18.824685] cloud-init[917]: |     .. .o o..   |
[[0;32m  OK  [0m] Reached target Basic System.
[   18.824882] cloud-init[917]: |     .o...o+.    |
[   18.852696] cloud-init[917]: +----[SHA256]-----+
[[0;32m  OK  [0m] Started Regular background program processing daemon.
         Starting LSB: Record successful boot for GRUB...
         Starting LSB: MD monitoring daemon...
[[0;32m  OK  [0m] Started Unattended Upgrades Shutdown.
         Starting Apply the settings specified in cloud-config...
         Starting Pollinate to seed the pseudo random number generator...
[[0;32m  OK  [0m] Started FUSE filesystem for LXC.
[[0;32m  OK  [0m] Started Deferred execution scheduler.
         Starting /etc/rc.local Compatibility...
[[0;32m  OK  [0m] Started D-Bus System Message Bus.
         Starting System Logging Service...
[[0;32m  OK  [0m] Started ACPI event daemon.
         Starting Login Service...
[[0;32m  OK  [0m] Started Snappy daemon.
         Starting Auto import assertions from block devices...
         Starting Accounts Service...
         Starting LXD - container startup/shutdown...
[[0;32m  OK  [0m] Started System Logging Service.
[[0;32m  OK  [0m] Started /etc/rc.local Compatibility.
[[0;32m  OK  [0m] Started Auto import assertions from block devices.
[[0;32m  OK  [0m] Started Login to default iSCSI targets.
[[0;32m  OK  [0m] Started LSB: MD monitoring daemon.
[[0;32m  OK  [0m] Started LSB: Record successful boot for GRUB.
[[0;32m  OK  [0m] Started LXD - container startup/shutdown.
[[0;32m  OK  [0m] Started Login Service.
[[0;32m  OK  [0m] Started Pollinate to seed the pseudo random number generator.
         Starting OpenBSD Secure Shell server...
         Starting Authenticate and Authorize Users to Run Privileged Tasks...
[[0;32m  OK  [0m] Reached target Remote File Systems (Pre).
[[0;32m  OK  [0m] Reached target Remote File Systems.
         Starting Permit User Sessions...
         Starting LSB: Set the CPU Frequency Scaling governor to "ondemand"...
         Starting LSB: daemon to balance interrupts for SMP systems...
         Starting LSB: automatic crash report generation...
         Starting LSB: VirtualBox Linux Additions...
[[0;32m  OK  [0m] Started OpenBSD Secure Shell server.
[[0;32m  OK  [0m] Started Permit User Sessions.
[[0;32m  OK  [0m] Started Authenticate and Authorize Users to Run Privileged Tasks.
[[0;32m  OK  [0m] Started Accounts Service.
[[0;32m  OK  [0m] Started LSB: Set the CPU Frequency Scaling governor to "ondemand".
[   20.140611] cloud-init[1031]: Generating locales (this might take a while)...
         Starting Hold until boot process finishes up...
         Starting Terminate Plymouth Boot Screen...
[[0;32m  OK  [0m] Started LSB: daemon to balance interrupts for SMP systems.
[[0;32m  OK  [0m] Started LSB: automatic crash report generation.
[[0;32m  OK  [0m] Started Hold until boot process finishes up.
[[0;32m  OK  [0m] Started LSB: VirtualBox Linux Additions.
[[0;32m  OK  [0m] Started Terminate Plymouth Boot Screen.
         Starting Set console scheme...
[[0;32m  OK  [0m] Started Serial Getty on ttyS0.
[[0;32m  OK  [0m] Started Getty on tty1.
[[0;32m  OK  [0m] Reached target Login Prompts.
[[0;32m  OK  [0m] Reached target Multi-User System.
[[0;32m  OK  [0m] Reached target Graphical Interface.
         Starting Update UTMP about System Runlevel Changes...
[[0;32m  OK  [0m] Started Set console scheme.
[[0;32m  OK  [0m] Started Update UTMP about System Runlevel Changes.
[   21.666870] cloud-init[1031]:   en_US.UTF-8... done
[   21.688813] cloud-init[1031]: Generation complete.
         Stopping OpenBSD Secure Shell server...
[[0;32m  OK  [0m] Stopped OpenBSD Secure Shell server.
         Starting OpenBSD Secure Shell server...
[[0;32m  OK  [0m] Started OpenBSD Secure Shell server.
[[0;32m  OK  [0m] Created slice User Slice of ubuntu.
[[0;32m  OK  [0m] Started Session 1 of user ubuntu.
         Starting User Manager for UID 1000...
[[0;32m  OK  [0m] Started User Manager for UID 1000.
[   22.303302] cloud-init[1031]: Cloud-init v. 0.7.9 running 'modules:config' at Sat, 22 Jul 2017 13:20:07 +0000. Up 19.92 seconds.
[[0;32m  OK  [0m] Started Apply the settings specified in cloud-config.
         Starting Execute cloud user/final scripts...
ci-info: no authorized ssh keys fingerprints found for user ubuntu.
<14>Jul 22 13:20:10 ec2: 
<14>Jul 22 13:20:10 ec2: #############################################################
<14>Jul 22 13:20:10 ec2: -----BEGIN SSH HOST KEY FINGERPRINTS-----
<14>Jul 22 13:20:10 ec2: 1024 SHA256:owh1OE7KV7X0ZQuJn/X+M/DErpGNHr3iWbkC3kVtLQ0 root@ubuntu-xenial (DSA)
<14>Jul 22 13:20:10 ec2: 256 SHA256:XY9sGicrAUkU3BsR9EYbKoKbtMuvct2t+bnDD9AoLiM root@ubuntu-xenial (ECDSA)
<14>Jul 22 13:20:10 ec2: 256 SHA256:wuv+cTeNrqcCUIU7f6iEccm8NGQaAhYl2zApsP8knfY root@ubuntu-xenial (ED25519)
<14>Jul 22 13:20:10 ec2: 2048 SHA256:WP7GAITYJxrpXepwZZRFS5WcfEteuYK0mIp8PyFZc0g root@ubuntu-xenial (RSA)
<14>Jul 22 13:20:10 ec2: -----END SSH HOST KEY FINGERPRINTS-----
<14>Jul 22 13:20:10 ec2: #############################################################
-----BEGIN SSH HOST KEY KEYS-----
ecdsa-sha2-nistp256 AAAAE2VjZHNhLXNoYTItbmlzdHAyNTYAAAAIbmlzdHAyNTYAAABBBG7BGIwkM6ooznrxWc8sZdILWf3UTcbKuE2wkWrYW6r9K6rBhhp2RGyLPVDVIcTUvXZgKn6CmOkzV93c+zxSkKk= root@ubuntu-xenial
ssh-ed25519 AAAAC3NzaC1lZDI1NTE5AAAAIJAnHADeehwXCiSJF9C4Qo4EmJhTC2R57cLNJy4dnpao root@ubuntu-xenial
ssh-rsa AAAAB3NzaC1yc2EAAAADAQABAAABAQC6328zLXxGQ8ta9D2n0VilsGL7HFrUmNN+QWiBud0oQuLxYutImIs2QAYQQSq93MmYxaJR0Bp5Tn8bUP8j74swlIZMsDyfaZ2OPlSvy8Pi/77a5zNj+ZYSc8B5Qh/aLN8dUq1q/r6yXRteEfeKw9ZuNPqgYqfENnnN3F3kRCEp498zQ7loqxUUwtKOwNgZm+NkrvqhYwqvFZajJiDHrFMR+szm31odywRbU46xt+wzaZ5zS3kXtblqHfOgYqFPWTX4XWfW7tQBysu/Q+W7UwOij0okCCZkUTv+ur82DSt+fAj8s1G3bSPYeRBJwZSjcz2UPn6FJKtP7DBJdZbS8gVt root@ubuntu-xenial
-----END SSH HOST KEY KEYS-----
[   23.550443] cloud-init[1331]: Cloud-init v. 0.7.9 running 'modules:final' at Sat, 22 Jul 2017 13:20:10 +0000. Up 22.98 seconds.
[   23.564846] cloud-init[1331]: ci-info: no authorized ssh keys fingerprints found for user ubuntu.
[   23.578430] cloud-init[1331]: Cloud-init v. 0.7.9 finished at Sat, 22 Jul 2017 13:20:10 +0000. Datasource DataSourceNoCloud [seed=/dev/sdb][dsmode=net].  Up 23.53 seconds
[[0;32m  OK  [0m] Started Execute cloud user/final scripts.
[[0;32m  OK  [0m] Reached target Cloud-init target.

Ubuntu 16.04.2 LTS ubuntu-xenial ttyS0

ubuntu-xenial login: 